<?xml version="1.0" encoding="UTF-8"?>
<testsuites name="jest tests" tests="2" failures="0" errors="0" time="6.801">
  <testsuite name="undefined" errors="0" failures="0" skipped="0" timestamp="2021-10-29T12:20:41" time="3.87" tests="1">
    <testcase classname=" adds 1 + 2 to equal 3" name=" adds 1 + 2 to equal 3" time="0.004">
    </testcase>
  </testsuite>
  <testsuite name="positive()" errors="0" failures="0" skipped="0" timestamp="2021-10-29T12:20:41" time="3.9" tests="1">
    <testcase classname="positive() postivetest" name="positive() postivetest" time="0.023">
    </testcase>
  </testsuite>
</testsuites>